// Jest Snapshot v1, https://goo.gl/fbAQLP

exports[`renders homepage unchanged 1`] = `
<div>
  <div
    class="container"
  >
    <h1>
      Welcome to the test app!
    </h1>
    <div>
      loading
    </div>
  </div>
</div>
`;
